Connecting to: localhost:5001
Stopped at tests/debugger/do_help.js:15
(jerry-debugger) help

Documented commands (type help <topic>):
========================================
EOF        bt        dump       f         ms     quit     scroll  variables
abort      c         e          finish    n      res      source
b          continue  eval       help      next   restart  src   
backtrace  delete    eval_at    list      p      s        step  
break      display   exception  memstats  print  scope    throw 

(jerry-debugger) quit
